Zenodo 1/3 sub-18: MAE=0.129222
Zenodo 2/3 sub-19: MAE=0.138079
Zenodo 3/3 sub-20: MAE=0.119837
IBSR 1/40 TCGA-14-0783: MAE=0.179358
IBSR 2/40 TCGA-14-0789: MAE=0.187869
IBSR 3/40 TCGA-14-0817: MAE=0.171107
IBSR 4/40 TCGA-14-0865: MAE=0.173927
IBSR 5/40 TCGA-14-1037: MAE=0.166163
IBSR 6/40 TCGA-14-1395: MAE=0.179975
IBSR 7/40 TCGA-14-1452: MAE=0.174005
IBSR 8/40 TCGA-14-1453: MAE=0.180199
IBSR 9/40 TCGA-14-1459: MAE=0.172224
IBSR 10/40 TCGA-14-1794: MAE=0.166094
IBSR 11/40 C3L-02465: MAE=0.160242
IBSR 12/40 C3L-02706: MAE=0.160934
IBSR 13/40 C3L-03260: MAE=0.164604
IBSR 14/40 C3L-03266: MAE=0.156331
IBSR 15/40 C3L-03728: MAE=0.160834
IBSR 16/40 C3N-01196: MAE=0.167794
IBSR 17/40 C3N-02255: MAE=0.159524
IBSR 18/40 C3N-02256: MAE=0.168615
IBSR 19/40 ACRIN-FMISO-Brain-001: MAE=0.157741
IBSR 20/40 ACRIN-FMISO-Brain-004: MAE=0.167400
IBSR 21/40 ACRIN-FMISO-Brain-008: MAE=0.158631
IBSR 22/40 ACRIN-FMISO-Brain-010: MAE=0.162510
IBSR 23/40 ACRIN-FMISO-Brain-011: MAE=0.172498
IBSR 24/40 ACRIN-FMISO-Brain-015: MAE=0.169650
IBSR 25/40 ACRIN-FMISO-Brain-018: MAE=0.168445
IBSR 26/40 ACRIN-FMISO-Brain-019: MAE=0.163049
IBSR 27/40 ACRIN-FMISO-Brain-025: SKIPPED - float() argument must be a string or a real number, not 'NoneType'
IBSR 28/40 ACRIN-FMISO-Brain-027: MAE=0.171702
IBSR 29/40 ACRIN-FMISO-Brain-028: MAE=0.173484
IBSR 30/40 ACRIN-FMISO-Brain-029: MAE=0.166182
IBSR 31/40 ACRIN-FMISO-Brain-031: MAE=0.161835
IBSR 32/40 ACRIN-FMISO-Brain-033: MAE=0.179012
IBSR 33/40 ACRIN-FMISO-Brain-034: MAE=0.172968
IBSR 34/40 ACRIN-FMISO-Brain-038: MAE=0.191323
IBSR 35/40 ACRIN-FMISO-Brain-039: MAE=0.164919
IBSR 36/40 ACRIN-FMISO-Brain-040: MAE=0.170425
IBSR 37/40 ACRIN-FMISO-Brain-042: MAE=0.162152
IBSR 38/40 ACRIN-FMISO-Brain-044: MAE=0.163195
IBSR 39/40 ACRIN-FMISO-Brain-045: MAE=0.161043
IBSR 40/40 ACRIN-FMISO-Brain-046: MAE=0.170136
Completed cases: 42
Skipped cases: 1
Summary: C:\Users\shour\major101\outputs\benchmarks\fusion_ctmri\benchmark_summary.json
CSV: C:\Users\shour\major101\outputs\benchmarks\fusion_ctmri\benchmark_cases.csv
